2025-08-07T11:02:39.677+05:30  INFO 1524 --- [indian-railway] [main] I.I.IndianRailwayApplication             : Starting IndianRailwayApplication using Java 24.0.2 with PID 1524 (E:\Java\Java Programs\Project Development\Dev-Reservation-Microservice\Indian_Railway\target\classes started by Gokul Nath in E:\Java\Java Programs\Project Development\Dev-Reservation-Microservice)
2025-08-07T11:02:39.689+05:30  INFO 1524 --- [indian-railway] [main] I.I.IndianRailwayApplication             : No active profile set, falling back to 1 default profile: "default"
2025-08-07T11:02:45.996+05:30  INFO 1524 --- [indian-railway] [main] .s.d.r.c.RepositoryConfigurationDelegate : Bootstrapping Spring Data JPA repositories in DEFAULT mode.
2025-08-07T11:02:46.386+05:30  INFO 1524 --- [indian-railway] [main] .s.d.r.c.RepositoryConfigurationDelegate : Finished Spring Data repository scanning in 218 ms. Found 5 JPA repository interfaces.
2025-08-07T11:02:48.409+05:30  INFO 1524 --- [indian-railway] [main] o.s.b.w.embedded.tomcat.TomcatWebServer  : Tomcat initialized with port 8081 (http)
2025-08-07T11:02:48.477+05:30  INFO 1524 --- [indian-railway] [main] o.apache.catalina.core.StandardService   : Starting service [Tomcat]
2025-08-07T11:02:48.478+05:30  INFO 1524 --- [indian-railway] [main] o.apache.catalina.core.StandardEngine    : Starting Servlet engine: [Apache Tomcat/10.1.43]
2025-08-07T11:02:48.694+05:30  INFO 1524 --- [indian-railway] [main] o.a.c.c.C.[Tomcat].[localhost].[/]       : Initializing Spring embedded WebApplicationContext
2025-08-07T11:02:48.695+05:30  INFO 1524 --- [indian-railway] [main] w.s.c.ServletWebServerApplicationContext : Root WebApplicationContext: initialization completed in 8245 ms
2025-08-07T11:02:50.028+05:30  INFO 1524 --- [indian-railway] [main] o.hibernate.jpa.internal.util.LogHelper  : HHH000204: Processing PersistenceUnitInfo [name: default]
2025-08-07T11:02:50.533+05:30  INFO 1524 --- [indian-railway] [main] org.hibernate.Version                    : HHH000412: Hibernate ORM core version 6.6.22.Final
2025-08-07T11:02:50.792+05:30  INFO 1524 --- [indian-railway] [main] o.h.c.internal.RegionFactoryInitiator    : HHH000026: Second-level cache disabled
2025-08-07T11:02:51.941+05:30  INFO 1524 --- [indian-railway] [main] o.s.o.j.p.SpringPersistenceUnitInfo      : No LoadTimeWeaver setup: ignoring JPA class transformer
2025-08-07T11:02:52.176+05:30  INFO 1524 --- [indian-railway] [main] com.zaxxer.hikari.HikariDataSource       : HikariPool-1 - Starting...
2025-08-07T11:02:54.281+05:30  INFO 1524 --- [indian-railway] [main] com.zaxxer.hikari.pool.HikariPool        : HikariPool-1 - Added connection com.mysql.cj.jdbc.ConnectionImpl@2bcb1414
2025-08-07T11:02:54.296+05:30  INFO 1524 --- [indian-railway] [main] com.zaxxer.hikari.HikariDataSource       : HikariPool-1 - Start completed.
2025-08-07T11:02:54.976+05:30  INFO 1524 --- [indian-railway] [main] org.hibernate.orm.connections.pooling    : HHH10001005: Database info:
	Database JDBC URL [Connecting through datasource 'HikariDataSource (HikariPool-1)']
	Database driver: undefined/unknown
	Database version: 8.0.35
	Autocommit mode: undefined/unknown
	Isolation level: undefined/unknown
	Minimum pool size: undefined/unknown
	Maximum pool size: undefined/unknown
2025-08-07T11:02:58.935+05:30  INFO 1524 --- [indian-railway] [main] o.h.e.t.j.p.i.JtaPlatformInitiator       : HHH000489: No JTA platform available (set 'hibernate.transaction.jta.platform' to enable JTA platform integration)
2025-08-07T11:02:59.457+05:30  INFO 1524 --- [indian-railway] [main] j.LocalContainerEntityManagerFactoryBean : Initialized JPA EntityManagerFactory for persistence unit 'default'
2025-08-07T11:03:01.006+05:30  INFO 1524 --- [indian-railway] [main] o.s.d.j.r.query.QueryEnhancerFactory     : Hibernate is in classpath; If applicable, HQL parser will be used.
2025-08-07T11:03:02.426+05:30  WARN 1524 --- [indian-railway] [main] JpaBaseConfiguration$JpaWebConfiguration : spring.jpa.open-in-view is enabled by default. Therefore, database queries may be performed during view rendering. Explicitly configure spring.jpa.open-in-view to disable this warning
2025-08-07T11:03:04.023+05:30  INFO 1524 --- [indian-railway] [main] o.s.b.a.e.web.EndpointLinksResolver      : Exposing 3 endpoints beneath base path '/actuator'
2025-08-07T11:03:04.314+05:30  INFO 1524 --- [indian-railway] [main] o.s.b.w.embedded.tomcat.TomcatWebServer  : Tomcat started on port 8081 (http) with context path '/'
2025-08-07T11:03:04.347+05:30  INFO 1524 --- [indian-railway] [main] I.I.IndianRailwayApplication             : Started IndianRailwayApplication in 29.496 seconds (process running for 37.154)
2025-08-07T11:03:33.011+05:30  INFO 1524 --- [indian-railway] [http-nio-8081-exec-1] o.a.c.c.C.[Tomcat].[localhost].[/]       : Initializing Spring DispatcherServlet 'dispatcherServlet'
2025-08-07T11:03:33.012+05:30  INFO 1524 --- [indian-railway] [http-nio-8081-exec-1] o.s.web.servlet.DispatcherServlet        : Initializing Servlet 'dispatcherServlet'
2025-08-07T11:03:33.015+05:30  INFO 1524 --- [indian-railway] [http-nio-8081-exec-1] o.s.web.servlet.DispatcherServlet        : Completed initialization in 2 ms
2025-08-07T11:03:33.874+05:30  INFO 1524 --- [indian-railway] [http-nio-8081-exec-1] I.Indian_Railway.Service.ServiceClass    : First If 1 AC
2025-08-07T11:03:33.875+05:30  INFO 1524 --- [indian-railway] [http-nio-8081-exec-1] I.Indian_Railway.Service.ServiceClass    : First If 2 AC
2025-08-07T11:03:33.875+05:30  INFO 1524 --- [indian-railway] [http-nio-8081-exec-1] I.Indian_Railway.Service.ServiceClass    : First If 3 AC
2025-08-07T11:03:33.875+05:30  INFO 1524 --- [indian-railway] [http-nio-8081-exec-1] I.Indian_Railway.Service.ServiceClass    : Second IF 3 AC
2025-08-07T11:03:33.883+05:30  INFO 1524 --- [indian-railway] [http-nio-8081-exec-1] I.Indian_Railway.Service.ServiceClass    : Date formatter:
2025-08-07T11:03:33.911+05:30  INFO 1524 --- [indian-railway] [http-nio-8081-exec-1] I.Indian_Railway.Service.ServiceClass    : 2025-07-07 Date
2025-08-07T11:03:33.912+05:30  INFO 1524 --- [indian-railway] [http-nio-8081-exec-1] I.Indian_Railway.Service.ServiceClass    : MONDAY Day
2025-08-07T11:03:33.912+05:30  INFO 1524 --- [indian-railway] [http-nio-8081-exec-1] I.Indian_Railway.Service.ServiceClass    : Checking with Stream
2025-08-07T11:03:33.913+05:30  INFO 1524 --- [indian-railway] [http-nio-8081-exec-1] I.Indian_Railway.Service.ServiceClass    : Stream Result true
2025-08-07T11:03:33.913+05:30  INFO 1524 --- [indian-railway] [http-nio-8081-exec-1] I.Indian_Railway.Service.ServiceClass    : trainRunningDays.name() -> Sunday
2025-08-07T11:03:33.913+05:30  INFO 1524 --- [indian-railway] [http-nio-8081-exec-1] I.Indian_Railway.Service.ServiceClass    : trainRunningDays.name() -> Monday
2025-08-07T11:03:33.914+05:30  INFO 1524 --- [indian-railway] [http-nio-8081-exec-1] I.Indian_Railway.Service.ServiceClass    : Day MONDAY Match Found Monday
2025-08-07T11:03:33.914+05:30  INFO 1524 --- [indian-railway] [http-nio-8081-exec-1] I.Indian_Railway.Service.ServiceClass    : Train TrainRunningDays is Valid
2025-08-07T11:03:33.914+05:30  INFO 1524 --- [indian-railway] [http-nio-8081-exec-1] I.Indian_Railway.Service.ServiceClass    : 1 Tickets are Available
