2025-08-22T11:27:10.425+05:30  INFO 968 --- [Payment-Service] [main] c.e.P.PaymentServiceApplication          : Starting PaymentServiceApplication using Java 24.0.2 with PID 968 (E:\Java\Java Programs\Project Development\Dev-Reservation-Microservice\Payment-Service\target\classes started by Gokul Nath in E:\Java\Java Programs\Project Development\Dev-Reservation-Microservice)
2025-08-22T11:27:10.449+05:30  INFO 968 --- [Payment-Service] [main] c.e.P.PaymentServiceApplication          : No active profile set, falling back to 1 default profile: "default"
2025-08-22T11:27:10.632+05:30  INFO 968 --- [Payment-Service] [main] o.s.c.c.c.ConfigServerConfigDataLoader   : Fetching config from server at : http://localhost:8000
2025-08-22T11:27:10.639+05:30  INFO 968 --- [Payment-Service] [main] o.s.c.c.c.ConfigServerConfigDataLoader   : Located environment: name=Payment-Service, profiles=[default], label=null, version=null, state=null
2025-08-22T11:27:14.808+05:30  INFO 968 --- [Payment-Service] [main] .s.d.r.c.RepositoryConfigurationDelegate : Bootstrapping Spring Data JPA repositories in DEFAULT mode.
2025-08-22T11:27:15.348+05:30  INFO 968 --- [Payment-Service] [main] .s.d.r.c.RepositoryConfigurationDelegate : Finished Spring Data repository scanning in 510 ms. Found 1 JPA repository interface.
2025-08-22T11:27:16.740+05:30  INFO 968 --- [Payment-Service] [main] o.s.cloud.context.scope.GenericScope     : BeanFactory id=dd5c9bc0-a510-3771-bbd6-2730e7451a0c
2025-08-22T11:27:18.947+05:30  INFO 968 --- [Payment-Service] [main] o.s.b.w.embedded.tomcat.TomcatWebServer  : Tomcat initialized with port 8085 (http)
2025-08-22T11:27:18.995+05:30  INFO 968 --- [Payment-Service] [main] o.apache.catalina.core.StandardService   : Starting service [Tomcat]
2025-08-22T11:27:18.997+05:30  INFO 968 --- [Payment-Service] [main] o.apache.catalina.core.StandardEngine    : Starting Servlet engine: [Apache Tomcat/10.1.43]
2025-08-22T11:27:19.371+05:30  INFO 968 --- [Payment-Service] [main] o.a.c.c.C.[Tomcat].[localhost].[/]       : Initializing Spring embedded WebApplicationContext
2025-08-22T11:27:19.376+05:30  INFO 968 --- [Payment-Service] [main] w.s.c.ServletWebServerApplicationContext : Root WebApplicationContext: initialization completed in 8729 ms
2025-08-22T11:27:21.813+05:30  INFO 968 --- [Payment-Service] [main] o.hibernate.jpa.internal.util.LogHelper  : HHH000204: Processing PersistenceUnitInfo [name: default]
2025-08-22T11:27:22.080+05:30  INFO 968 --- [Payment-Service] [main] org.hibernate.Version                    : HHH000412: Hibernate ORM core version 6.6.22.Final
2025-08-22T11:27:22.369+05:30  INFO 968 --- [Payment-Service] [main] o.h.c.internal.RegionFactoryInitiator    : HHH000026: Second-level cache disabled
2025-08-22T11:27:23.985+05:30  INFO 968 --- [Payment-Service] [main] o.s.o.j.p.SpringPersistenceUnitInfo      : No LoadTimeWeaver setup: ignoring JPA class transformer
2025-08-22T11:27:24.076+05:30  INFO 968 --- [Payment-Service] [main] com.zaxxer.hikari.HikariDataSource       : HikariPool-1 - Starting...
2025-08-22T11:27:25.388+05:30  INFO 968 --- [Payment-Service] [main] com.zaxxer.hikari.pool.HikariPool        : HikariPool-1 - Added connection com.mysql.cj.jdbc.ConnectionImpl@3911fec8
2025-08-22T11:27:25.392+05:30  INFO 968 --- [Payment-Service] [main] com.zaxxer.hikari.HikariDataSource       : HikariPool-1 - Start completed.
2025-08-22T11:27:25.684+05:30  INFO 968 --- [Payment-Service] [main] org.hibernate.orm.connections.pooling    : HHH10001005: Database info:
	Database JDBC URL [Connecting through datasource 'HikariDataSource (HikariPool-1)']
	Database driver: undefined/unknown
	Database version: 8.0.35
	Autocommit mode: undefined/unknown
	Isolation level: undefined/unknown
	Minimum pool size: undefined/unknown
	Maximum pool size: undefined/unknown
2025-08-22T11:27:27.667+05:30  INFO 968 --- [Payment-Service] [main] o.h.e.t.j.p.i.JtaPlatformInitiator       : HHH000489: No JTA platform available (set 'hibernate.transaction.jta.platform' to enable JTA platform integration)
2025-08-22T11:27:27.802+05:30  INFO 968 --- [Payment-Service] [main] j.LocalContainerEntityManagerFactoryBean : Initialized JPA EntityManagerFactory for persistence unit 'default'
2025-08-22T11:27:28.623+05:30  WARN 968 --- [Payment-Service] [main] JpaBaseConfiguration$JpaWebConfiguration : spring.jpa.open-in-view is enabled by default. Therefore, database queries may be performed during view rendering. Explicitly configure spring.jpa.open-in-view to disable this warning
2025-08-22T11:27:30.086+05:30  INFO 968 --- [Payment-Service] [main] DiscoveryClientOptionalArgsConfiguration : Eureka HTTP Client uses RestTemplate.
2025-08-22T11:27:30.218+05:30  WARN 968 --- [Payment-Service] [main] iguration$LoadBalancerCaffeineWarnLogger : Spring Cloud LoadBalancer is currently working with the default cache. While this cache implementation is useful for development and tests, it's recommended to use Caffeine cache in production.You can switch to using Caffeine cache, by adding it and org.springframework.cache.caffeine.CaffeineCacheManager to the classpath.
2025-08-22T11:27:30.322+05:30  INFO 968 --- [Payment-Service] [main] o.s.b.a.e.web.EndpointLinksResolver      : Exposing 3 endpoints beneath base path '/actuator'
2025-08-22T11:27:30.541+05:30  INFO 968 --- [Payment-Service] [main] o.s.c.n.eureka.InstanceInfoFactory       : Setting initial instance status as: STARTING
2025-08-22T11:27:30.612+05:30  INFO 968 --- [Payment-Service] [main] com.netflix.discovery.DiscoveryClient    : Initializing Eureka in region us-east-1
2025-08-22T11:27:30.622+05:30  INFO 968 --- [Payment-Service] [main] c.n.d.s.r.aws.ConfigClusterResolver      : Resolving eureka endpoints via configuration
2025-08-22T11:27:30.645+05:30  INFO 968 --- [Payment-Service] [main] com.netflix.discovery.DiscoveryClient    : Disable delta property : false
2025-08-22T11:27:30.646+05:30  INFO 968 --- [Payment-Service] [main] com.netflix.discovery.DiscoveryClient    : Single vip registry refresh property : null
2025-08-22T11:27:30.647+05:30  INFO 968 --- [Payment-Service] [main] com.netflix.discovery.DiscoveryClient    : Force full registry fetch : false
2025-08-22T11:27:30.648+05:30  INFO 968 --- [Payment-Service] [main] com.netflix.discovery.DiscoveryClient    : Application is null : false
2025-08-22T11:27:30.648+05:30  INFO 968 --- [Payment-Service] [main] com.netflix.discovery.DiscoveryClient    : Registered Applications size is zero : true
2025-08-22T11:27:30.649+05:30  INFO 968 --- [Payment-Service] [main] com.netflix.discovery.DiscoveryClient    : Application version is -1: true
2025-08-22T11:27:30.649+05:30  INFO 968 --- [Payment-Service] [main] com.netflix.discovery.DiscoveryClient    : Getting all instance registry info from the eureka server
2025-08-22T11:27:31.522+05:30  INFO 968 --- [Payment-Service] [main] com.netflix.discovery.DiscoveryClient    : The response status is 200
2025-08-22T11:27:31.526+05:30  INFO 968 --- [Payment-Service] [main] com.netflix.discovery.DiscoveryClient    : Starting heartbeat executor: renew interval is: 30
2025-08-22T11:27:31.532+05:30  INFO 968 --- [Payment-Service] [main] c.n.discovery.InstanceInfoReplicator     : InstanceInfoReplicator onDemand update allowed rate per min is 4
2025-08-22T11:27:31.535+05:30  INFO 968 --- [Payment-Service] [main] com.netflix.discovery.DiscoveryClient    : Discovery Client initialized at timestamp 1755842251535 with initial instances count: 3
2025-08-22T11:27:31.545+05:30  INFO 968 --- [Payment-Service] [main] o.s.c.n.e.s.EurekaServiceRegistry        : Registering application PAYMENT-SERVICE with eureka with status UP
2025-08-22T11:27:31.547+05:30  INFO 968 --- [Payment-Service] [main] com.netflix.discovery.DiscoveryClient    : Saw local status change event StatusChangeEvent [timestamp=1755842251547, current=UP, previous=STARTING]
2025-08-22T11:27:31.556+05:30  INFO 968 --- [Payment-Service] [DiscoveryClient-InstanceInfoReplicator-%d] com.netflix.discovery.DiscoveryClient    : DiscoveryClient_PAYMENT-SERVICE/DESKTOP-CSPI8JK.mshome.net:Payment-Service:8085: registering service...
2025-08-22T11:27:31.608+05:30  INFO 968 --- [Payment-Service] [main] o.s.b.w.embedded.tomcat.TomcatWebServer  : Tomcat started on port 8085 (http) with context path '/'
2025-08-22T11:27:31.611+05:30  INFO 968 --- [Payment-Service] [main] .s.c.n.e.s.EurekaAutoServiceRegistration : Updating port to 8085
2025-08-22T11:27:31.681+05:30  INFO 968 --- [Payment-Service] [main] c.e.P.PaymentServiceApplication          : Started PaymentServiceApplication in 26.286 seconds (process running for 29.707)
2025-08-22T11:27:31.697+05:30  INFO 968 --- [Payment-Service] [DiscoveryClient-InstanceInfoReplicator-%d] com.netflix.discovery.DiscoveryClient    : DiscoveryClient_PAYMENT-SERVICE/DESKTOP-CSPI8JK.mshome.net:Payment-Service:8085 - registration status: 204
2025-08-22T11:29:45.393+05:30  INFO 968 --- [Payment-Service] [SpringApplicationShutdownHook] o.s.c.n.e.s.EurekaServiceRegistry        : Unregistering application PAYMENT-SERVICE with eureka with status DOWN
2025-08-22T11:29:45.396+05:30  INFO 968 --- [Payment-Service] [SpringApplicationShutdownHook] com.netflix.discovery.DiscoveryClient    : Saw local status change event StatusChangeEvent [timestamp=1755842385396, current=DOWN, previous=UP]
2025-08-22T11:29:45.403+05:30  INFO 968 --- [Payment-Service] [SpringApplicationShutdownHook] o.s.b.w.e.tomcat.GracefulShutdown        : Commencing graceful shutdown. Waiting for active requests to complete
2025-08-22T11:29:45.404+05:30  INFO 968 --- [Payment-Service] [DiscoveryClient-InstanceInfoReplicator-%d] com.netflix.discovery.DiscoveryClient    : DiscoveryClient_PAYMENT-SERVICE/DESKTOP-CSPI8JK.mshome.net:Payment-Service:8085: registering service...
2025-08-22T11:29:45.440+05:30  INFO 968 --- [Payment-Service] [DiscoveryClient-InstanceInfoReplicator-%d] com.netflix.discovery.DiscoveryClient    : DiscoveryClient_PAYMENT-SERVICE/DESKTOP-CSPI8JK.mshome.net:Payment-Service:8085 - registration status: 204
2025-08-22T11:29:45.457+05:30  INFO 968 --- [Payment-Service] [tomcat-shutdown] o.s.b.w.e.tomcat.GracefulShutdown        : Graceful shutdown complete
2025-08-22T11:29:45.475+05:30  INFO 968 --- [Payment-Service] [SpringApplicationShutdownHook] j.LocalContainerEntityManagerFactoryBean : Closing JPA EntityManagerFactory for persistence unit 'default'
2025-08-22T11:29:45.502+05:30  INFO 968 --- [Payment-Service] [SpringApplicationShutdownHook] com.zaxxer.hikari.HikariDataSource       : HikariPool-1 - Shutdown initiated...
2025-08-22T11:29:45.569+05:30  INFO 968 --- [Payment-Service] [SpringApplicationShutdownHook] com.zaxxer.hikari.HikariDataSource       : HikariPool-1 - Shutdown completed.
2025-08-22T11:29:45.573+05:30  INFO 968 --- [Payment-Service] [SpringApplicationShutdownHook] com.netflix.discovery.DiscoveryClient    : Shutting down DiscoveryClient ...
2025-08-22T11:29:48.577+05:30  INFO 968 --- [Payment-Service] [SpringApplicationShutdownHook] com.netflix.discovery.DiscoveryClient    : Unregistering ...
2025-08-22T11:29:48.587+05:30  INFO 968 --- [Payment-Service] [SpringApplicationShutdownHook] com.netflix.discovery.DiscoveryClient    : DiscoveryClient_PAYMENT-SERVICE/DESKTOP-CSPI8JK.mshome.net:Payment-Service:8085 - deregister  status: 200
2025-08-22T11:29:48.588+05:30  INFO 968 --- [Payment-Service] [SpringApplicationShutdownHook] com.netflix.discovery.DiscoveryClient    : Completed shut down of DiscoveryClient
